{
  "detail": "Invalid sort target field",
  "status": 400,
  "type": "about:blank",
  "title": "Bad Request"
}
